base-devel
git
pipewire
pipewire-audio
pipewire-pulse
wireplumber
wiremix
pamixer
playerctl
bluez
bluetui
iwd
impala
ttf-jetbrains-mono-nerd
ttf-mononoki-nerd
ttf-firacode-nerd
noto-fonts-emoji
noto-fonts
noto-fonts-emoji
ttf-mononoki-nerd
ttf-firacode-nerd
fontconfig
sddm
qt5-quickcontrols
qt5-quickcontrols2
qt5-graphicaleffects
qt5ct
qt6ct
kvantum
kvantum-qt5
qt5-wayland
qt6-wayland
qt5-imageformats
ffmpegthumbs
nwg-look
xdg-desktop-portal-gtk
xdg-desktop-portal-hyprland
xdg-terminal-exec
hyprland
hyprlock
hyprpicker
hypridle
wlogout
uwsm
rofi
waybar
polkit-gnome
pacman-contrib
jq
libnotify
bat
eza
duf
luarocks
firefox
kitty
dolphin
unzip
nwg-displays
fzf
fastfetch
btop
tmux
satty
awww-git
mako
brightnessctl
zsh
starship
less
nvim
