# Base/System
base-devel
openssh
git
flatpak
man-db
xdg-desktop-portal
xdg-desktop-portal-gtk

# Shell/Terminal
zsh
starship
tmux
less
fzf
fd
fastfetch

# Editors
nvim

# System Monitoring
btop

# Fonts
fontconfig
noto-fonts
noto-fonts-cjk
noto-fonts-emoji
ttf-jetbrains-mono-nerd
ttf-mononoki-nerd
ttf-firacode-nerd
woff2-font-awesome

# Audio/Volume
pamixer
wiremix
playerctl

# Networking
iwd
impala

# Bluetooth
bluez
bluetui

# Wayland/Hyprland
hyprlock
hypridle
hyprshot
grim
mako
waybar
rofi
swayosd
nwg-displays
awww

# GUI Apps
firefox
nautilus
dolphin
gnome-calculator
telegram-desktop
spotify

# Spotify Theming
spicetify-cli
spicetify-themes

# QT/GTK Theming
qt6-svg
qt6-declarative
qt5-quickcontrols2
gnome-themes-extra

# Utilities
unzip
jq
polkit-gnome
