# Arch Linux Packages for Hyprland + Dotfiles Setup
# Curated from HyDE and Omarchy projects for Arch Linux
# Install with: pacman -S $(cat PACKAGES.lst | grep -v '^#' | tr '\n' ' ')

# ============================================================
# Window Manager & Display
# ============================================================
hyprland
hyprlock
hypridle
hyprsunset
waybar

# ============================================================
# Launchers
# ============================================================
rofi
walker

# ============================================================
# Terminal & Shell
# ============================================================
kitty
zsh
tmux
starship

# ============================================================
# Notifications & Session
# ============================================================
dunst
wlogout

# ============================================================
# File Manager
# ============================================================
dolphin
ark
unzip

# ============================================================
# Screenshot & Color Tools
# ============================================================
grim
hyprpicker
slurp
satty
cliphist
wl-clipboard
wl-clip-persist

# ============================================================
# Wallpaper
# ============================================================
awww

# ============================================================
# Audio & Multimedia
# ============================================================
pipewire
pipewire-alsa
pipewire-audio
pipewire-jack
pipewire-pulse
gst-plugin-pipewire
wireplumber
wiremix

# ============================================================
# System & Network
# ============================================================
networkmanager
network-manager-applet
bluez
bluez-utils
playerctl
udiskie
uwsm

# ============================================================
# Theming & UI Configuration
# ============================================================
nwg-look
qt5ct
qt6ct
kvantum
kvantum-qt5
qt5-wayland
qt6-wayland
nwg-displays
polkit-gnome

# ============================================================
# Fonts
# ============================================================
noto-fonts
noto-fonts-cjk
noto-fonts-emoji
ttf-firacode-nerd
ttf-mononoki-nerd
ttf-jetbrains-mono-nerd
ttf-nerd-fonts-symbols

# ============================================================
# System Monitoring & CLI Tools
# ============================================================
btop
fastfetch
bat
eza
fd
ripgrep
fzf
dust
impala
bluetui
tldr

# ============================================================
# XDG & Portal Support
# ============================================================
xdg-desktop-portal-hyprland
xdg-desktop-portal-gtk
xdg-user-dirs
libnotify

# ============================================================
# Utilities & Dependencies
# ============================================================
pacman-contrib
jq
parallel
imagemagick

# ============================================================
# Development (Optional)
# ============================================================
base-devel
git
github-cli
